[0m05:26:02  Running with dbt=1.11.8
[0m05:26:03  Registered adapter: bigquery=1.11.1
[0m05:26:03  Unable to do partial parsing because config vars, config profile, or config target have changed
[0m05:26:03  Unable to do partial parsing because profile has changed
[0m05:26:03  Unable to do partial parsing because a project dependency has been added
[0m05:26:05  Found 9 models, 50 data tests, 4 seeds, 4 sources, 656 macros
[0m05:26:05  
[0m05:26:05  Concurrency: 4 threads (target='dev')
[0m05:26:05  
[0m05:26:08  1 of 63 START sql view model staging.stg_adzuna__jobs .......................... [RUN]
[0m05:26:08  3 of 63 START seed file raw.eoi_invitations .................................... [RUN]
[0m05:26:08  4 of 63 START seed file raw.occupation_ceilings ................................ [RUN]
[0m05:26:08  2 of 63 START seed file raw.anzsco_title_patterns .............................. [RUN]
[0m05:26:10  1 of 63 OK created sql view model staging.stg_adzuna__jobs ..................... [[32mCREATE VIEW (0 processed)[0m in 2.21s]
[0m05:26:10  5 of 63 START seed file raw.occupation_lists ................................... [RUN]
[0m05:26:14  3 of 63 OK loaded seed file raw.eoi_invitations ................................ [[32mINSERT 8[0m in 6.36s]
[0m05:26:14  6 of 63 START test accepted_values_stg_adzuna__jobs_source_city__Melbourne__Sydney__Brisbane  [RUN]
[0m05:26:15  4 of 63 OK loaded seed file raw.occupation_ceilings ............................ [[32mINSERT 11[0m in 6.78s]
[0m05:26:15  7 of 63 START test accepted_values_stg_adzuna__jobs_state__Victoria__New_South_Wales__Queensland__Australian_Capital_Territory__Tasmania__South_Australia__Western_Australia__Northern_Territory  [RUN]
[0m05:26:15  2 of 63 OK loaded seed file raw.anzsco_title_patterns .......................... [[32mINSERT 14[0m in 7.28s]
[0m05:26:15  8 of 63 START test dbt_utils_expression_is_true_stg_adzuna__jobs_salary_min___0_or_salary_min_is_null  [RUN]
[0m05:26:16  5 of 63 OK loaded seed file raw.occupation_lists ............................... [[32mINSERT 10[0m in 6.16s]
[0m05:26:16  9 of 63 START test dbt_utils_unique_combination_of_columns_stg_adzuna__jobs_job_id__snapshot_date  [RUN]
[0m05:26:17  6 of 63 PASS accepted_values_stg_adzuna__jobs_source_city__Melbourne__Sydney__Brisbane  [[32mPASS[0m in 2.11s]
[0m05:26:17  10 of 63 START test not_null_stg_adzuna__jobs_job_id ........................... [RUN]
[0m05:26:17  7 of 63 PASS accepted_values_stg_adzuna__jobs_state__Victoria__New_South_Wales__Queensland__Australian_Capital_Territory__Tasmania__South_Australia__Western_Australia__Northern_Territory  [[32mPASS[0m in 1.97s]
[0m05:26:17  11 of 63 START test not_null_stg_adzuna__jobs_snapshot_date .................... [RUN]
[0m05:26:17  8 of 63 PASS dbt_utils_expression_is_true_stg_adzuna__jobs_salary_min___0_or_salary_min_is_null  [[32mPASS[0m in 1.92s]
[0m05:26:17  12 of 63 START test not_null_stg_adzuna__jobs_source_city ...................... [RUN]
[0m05:26:18  9 of 63 PASS dbt_utils_unique_combination_of_columns_stg_adzuna__jobs_job_id__snapshot_date  [[32mPASS[0m in 1.92s]
[0m05:26:18  13 of 63 START sql view model staging.stg_eoi .................................. [RUN]
[0m05:26:18  10 of 63 PASS not_null_stg_adzuna__jobs_job_id ................................. [[32mPASS[0m in 1.90s]
[0m05:26:18  14 of 63 START sql view model staging.stg_occupation_lists ..................... [RUN]
[0m05:26:19  12 of 63 PASS not_null_stg_adzuna__jobs_source_city ............................ [[32mPASS[0m in 1.91s]
[0m05:26:20  11 of 63 PASS not_null_stg_adzuna__jobs_snapshot_date .......................... [[32mPASS[0m in 2.78s]
[0m05:26:20  15 of 63 START sql table model staging.int_jobs_enriched ....................... [RUN]
[0m05:26:21  14 of 63 OK created sql view model staging.stg_occupation_lists ................ [[32mCREATE VIEW (0 processed)[0m in 2.09s]
[0m05:26:21  16 of 63 START test accepted_values_stg_occupation_lists_list_name__MLTSSL__STSOL__CSOL  [RUN]
[0m05:26:21  17 of 63 START test not_null_stg_occupation_lists_anzsco_code .................. [RUN]
[0m05:26:21  13 of 63 OK created sql view model staging.stg_eoi ............................. [[32mCREATE VIEW (0 processed)[0m in 2.29s]
[0m05:26:21  18 of 63 START test not_null_stg_occupation_lists_list_name .................... [RUN]
[0m05:26:22  18 of 63 PASS not_null_stg_occupation_lists_list_name .......................... [[32mPASS[0m in 1.74s]
[0m05:26:22  19 of 63 START test not_null_stg_occupation_lists_occupation_name .............. [RUN]
[0m05:26:23  16 of 63 PASS accepted_values_stg_occupation_lists_list_name__MLTSSL__STSOL__CSOL  [[32mPASS[0m in 2.12s]
[0m05:26:23  20 of 63 START test unique_stg_occupation_lists_anzsco_code .................... [RUN]
[0m05:26:23  15 of 63 OK created sql table model staging.int_jobs_enriched .................. [[32mCREATE TABLE (4.0k rows, 3.6 MiB processed)[0m in 3.25s]
[0m05:26:23  21 of 63 START test dbt_utils_expression_is_true_stg_eoi_invitations_issued___0  [RUN]
[0m05:26:24  17 of 63 PASS not_null_stg_occupation_lists_anzsco_code ........................ [[32mPASS[0m in 2.96s]
[0m05:26:24  22 of 63 START test dbt_utils_unique_combination_of_columns_stg_eoi_round_date__visa_subclass__anzsco_code  [RUN]
[0m05:26:24  20 of 63 PASS unique_stg_occupation_lists_anzsco_code .......................... [[32mPASS[0m in 1.78s]
[0m05:26:24  23 of 63 START test not_null_stg_eoi_invitations_issued ........................ [RUN]
[0m05:26:25  19 of 63 PASS not_null_stg_occupation_lists_occupation_name .................... [[32mPASS[0m in 2.95s]
[0m05:26:25  24 of 63 START test not_null_stg_eoi_round_date ................................ [RUN]
[0m05:26:26  21 of 63 PASS dbt_utils_expression_is_true_stg_eoi_invitations_issued___0 ...... [[32mPASS[0m in 3.06s]
[0m05:26:26  25 of 63 START test not_null_stg_eoi_visa_subclass ............................. [RUN]
[0m05:26:26  22 of 63 PASS dbt_utils_unique_combination_of_columns_stg_eoi_round_date__visa_subclass__anzsco_code  [[32mPASS[0m in 2.86s]
[0m05:26:26  26 of 63 START test accepted_values_int_jobs_enriched_remote_friendly__remote__hybrid__onsite__unspecified  [RUN]
[0m05:26:27  24 of 63 PASS not_null_stg_eoi_round_date ...................................... [[32mPASS[0m in 1.50s]
[0m05:26:27  27 of 63 START test accepted_values_int_jobs_enriched_source_city__Melbourne__Sydney__Brisbane  [RUN]
[0m05:26:28  23 of 63 PASS not_null_stg_eoi_invitations_issued .............................. [[32mPASS[0m in 3.02s]
[0m05:26:28  28 of 63 START test accepted_values_int_jobs_enriched_sponsorship_signal__explicit_yes__explicit_no__unspecified  [RUN]
[0m05:26:28  26 of 63 PASS accepted_values_int_jobs_enriched_remote_friendly__remote__hybrid__onsite__unspecified  [[32mPASS[0m in 1.50s]
[0m05:26:28  29 of 63 START test accepted_values_int_jobs_enriched_state__Victoria__New_South_Wales__Queensland__Australian_Capital_Territory__Tasmania__South_Australia__Western_Australia__Northern_Territory  [RUN]
[0m05:26:28  27 of 63 PASS accepted_values_int_jobs_enriched_source_city__Melbourne__Sydney__Brisbane  [[32mPASS[0m in 1.54s]
[0m05:26:28  30 of 63 START test dbt_utils_expression_is_true_int_jobs_enriched_years_experience__between_0_and_40_or_years_experience_is_null  [RUN]
[0m05:26:29  25 of 63 PASS not_null_stg_eoi_visa_subclass ................................... [[32mPASS[0m in 2.73s]
[0m05:26:29  31 of 63 START test dbt_utils_unique_combination_of_columns_int_jobs_enriched_job_id__snapshot_date  [RUN]
[0m05:26:29  28 of 63 PASS accepted_values_int_jobs_enriched_sponsorship_signal__explicit_yes__explicit_no__unspecified  [[32mPASS[0m in 1.50s]
[0m05:26:29  32 of 63 START test extraction_coverage_at_least_90pct ......................... [RUN]
[0m05:26:29  29 of 63 PASS accepted_values_int_jobs_enriched_state__Victoria__New_South_Wales__Queensland__Australian_Capital_Territory__Tasmania__South_Australia__Western_Australia__Northern_Territory  [[32mPASS[0m in 1.45s]
[0m05:26:29  33 of 63 START test not_null_int_jobs_enriched_job_id .......................... [RUN]
[0m05:26:30  31 of 63 PASS dbt_utils_unique_combination_of_columns_int_jobs_enriched_job_id__snapshot_date  [[32mPASS[0m in 1.50s]
[0m05:26:30  34 of 63 START test not_null_int_jobs_enriched_snapshot_date ................... [RUN]
[0m05:26:31  32 of 63 PASS extraction_coverage_at_least_90pct ............................... [[32mPASS[0m in 1.63s]
[0m05:26:31  35 of 63 START test not_null_int_jobs_enriched_source_city ..................... [RUN]
[0m05:26:31  33 of 63 PASS not_null_int_jobs_enriched_job_id ................................ [[32mPASS[0m in 1.56s]
[0m05:26:31  36 of 63 START sql table model marts.dim_occupation ............................ [RUN]
[0m05:26:31  30 of 63 PASS dbt_utils_expression_is_true_int_jobs_enriched_years_experience__between_0_and_40_or_years_experience_is_null  [[32mPASS[0m in 3.06s]
[0m05:26:32  34 of 63 PASS not_null_int_jobs_enriched_snapshot_date ......................... [[32mPASS[0m in 1.66s]
[0m05:26:33  35 of 63 PASS not_null_int_jobs_enriched_source_city ........................... [[32mPASS[0m in 2.74s]
[0m05:26:33  37 of 63 START sql view model staging.int_jobs_anzsco_mapped ................... [RUN]
[0m05:26:34  36 of 63 OK created sql table model marts.dim_occupation ....................... [[32mCREATE TABLE (10.0 rows, 1.1 KiB processed)[0m in 2.94s]
[0m05:26:34  39 of 63 START test not_null_dim_occupation_occupation_name .................... [RUN]
[0m05:26:34  38 of 63 START test not_null_dim_occupation_anzsco_code ........................ [RUN]
[0m05:26:34  40 of 63 START test unique_dim_occupation_anzsco_code .......................... [RUN]
[0m05:26:35  37 of 63 OK created sql view model staging.int_jobs_anzsco_mapped .............. [[32mCREATE VIEW (0 processed)[0m in 1.91s]
[0m05:26:35  41 of 63 START test dbt_utils_unique_combination_of_columns_int_jobs_anzsco_mapped_job_id__snapshot_date  [RUN]
[0m05:26:35  38 of 63 PASS not_null_dim_occupation_anzsco_code .............................. [[32mPASS[0m in 1.51s]
[0m05:26:35  42 of 63 START test not_null_int_jobs_anzsco_mapped_job_id ..................... [RUN]
[0m05:26:35  39 of 63 PASS not_null_dim_occupation_occupation_name .......................... [[32mPASS[0m in 1.56s]
[0m05:26:35  43 of 63 START test not_null_int_jobs_anzsco_mapped_snapshot_date .............. [RUN]
[0m05:26:37  40 of 63 PASS unique_dim_occupation_anzsco_code ................................ [[32mPASS[0m in 2.72s]
[0m05:26:37  42 of 63 PASS not_null_int_jobs_anzsco_mapped_job_id ........................... [[32mPASS[0m in 2.05s]
[0m05:26:39  41 of 63 PASS dbt_utils_unique_combination_of_columns_int_jobs_anzsco_mapped_job_id__snapshot_date  [[32mPASS[0m in 3.21s]
[0m05:26:39  43 of 63 PASS not_null_int_jobs_anzsco_mapped_snapshot_date .................... [[32mPASS[0m in 3.22s]
[0m05:26:39  45 of 63 START sql table model marts.fct_occupation_supply_demand_30d .......... [RUN]
[0m05:26:39  44 of 63 START sql table model marts.fct_local_experience_barrier .............. [RUN]
[0m05:26:39  46 of 63 START sql table model marts.fct_skills_demand ......................... [RUN]
[0m05:26:42  44 of 63 OK created sql table model marts.fct_local_experience_barrier ......... [[32mCREATE TABLE (20.0 rows, 325.3 KiB processed)[0m in 3.55s]
[0m05:26:42  48 of 63 START test dbt_utils_expression_is_true_fct_local_experience_barrier_sponsorship_yes_pct__between_0_and_1  [RUN]
[0m05:26:42  47 of 63 START test dbt_utils_expression_is_true_fct_local_experience_barrier_local_experience_pct__between_0_and_1  [RUN]
[0m05:26:42  46 of 63 OK created sql table model marts.fct_skills_demand .................... [[32mCREATE TABLE (117.0 rows, 323.4 KiB processed)[0m in 3.66s]
[0m05:26:42  49 of 63 START test dbt_utils_expression_is_true_fct_local_experience_barrier_total_jobs___5  [RUN]
[0m05:26:42  45 of 63 OK created sql table model marts.fct_occupation_supply_demand_30d ..... [[32mCREATE TABLE (10.0 rows, 322.8 KiB processed)[0m in 3.70s]
[0m05:26:42  50 of 63 START test dbt_utils_unique_combination_of_columns_fct_local_experience_barrier_anzsco_code__state  [RUN]
[0m05:26:44  48 of 63 PASS dbt_utils_expression_is_true_fct_local_experience_barrier_sponsorship_yes_pct__between_0_and_1  [[32mPASS[0m in 1.53s]
[0m05:26:44  51 of 63 START test not_null_fct_local_experience_barrier_anzsco_code .......... [RUN]
[0m05:26:44  47 of 63 PASS dbt_utils_expression_is_true_fct_local_experience_barrier_local_experience_pct__between_0_and_1  [[32mPASS[0m in 1.54s]
[0m05:26:44  52 of 63 START test not_null_fct_local_experience_barrier_state ................ [RUN]
[0m05:26:44  50 of 63 PASS dbt_utils_unique_combination_of_columns_fct_local_experience_barrier_anzsco_code__state  [[32mPASS[0m in 1.50s]
[0m05:26:44  49 of 63 PASS dbt_utils_expression_is_true_fct_local_experience_barrier_total_jobs___5  [[32mPASS[0m in 1.53s]
[0m05:26:44  53 of 63 START test relationships_fct_local_experience_barrier_anzsco_code__anzsco_code__ref_dim_occupation_  [RUN]
[0m05:26:44  54 of 63 START test dbt_utils_expression_is_true_fct_skills_demand_mention_count___3  [RUN]
[0m05:26:45  52 of 63 PASS not_null_fct_local_experience_barrier_state ...................... [[32mPASS[0m in 1.47s]
[0m05:26:45  55 of 63 START test dbt_utils_unique_combination_of_columns_fct_skills_demand_state__skill  [RUN]
[0m05:26:45  53 of 63 PASS relationships_fct_local_experience_barrier_anzsco_code__anzsco_code__ref_dim_occupation_  [[32mPASS[0m in 1.56s]
[0m05:26:45  56 of 63 START test not_null_fct_skills_demand_skill ........................... [RUN]
[0m05:26:46  51 of 63 PASS not_null_fct_local_experience_barrier_anzsco_code ................ [[32mPASS[0m in 2.72s]
[0m05:26:46  57 of 63 START test not_null_fct_skills_demand_state ........................... [RUN]
[0m05:26:47  54 of 63 PASS dbt_utils_expression_is_true_fct_skills_demand_mention_count___3 . [[32mPASS[0m in 2.77s]
[0m05:26:47  58 of 63 START test dbt_utils_expression_is_true_fct_occupation_supply_demand_30d_jobs_count_30d___0  [RUN]
[0m05:26:47  55 of 63 PASS dbt_utils_unique_combination_of_columns_fct_skills_demand_state__skill  [[32mPASS[0m in 1.49s]
[0m05:26:47  59 of 63 START test not_null_fct_occupation_supply_demand_30d_anzsco_code ...... [RUN]
[0m05:26:47  56 of 63 PASS not_null_fct_skills_demand_skill ................................. [[32mPASS[0m in 1.47s]
[0m05:26:47  60 of 63 START test not_null_fct_occupation_supply_demand_30d_anzsco_unit_group  [RUN]
[0m05:26:48  57 of 63 PASS not_null_fct_skills_demand_state ................................. [[32mPASS[0m in 1.49s]
[0m05:26:48  61 of 63 START test not_null_fct_occupation_supply_demand_30d_jobs_count_30d ... [RUN]
[0m05:26:48  59 of 63 PASS not_null_fct_occupation_supply_demand_30d_anzsco_code ............ [[32mPASS[0m in 1.52s]
[0m05:26:48  62 of 63 START test relationships_fct_occupation_supply_demand_30d_anzsco_code__anzsco_code__ref_dim_occupation_  [RUN]
[0m05:26:48  60 of 63 PASS not_null_fct_occupation_supply_demand_30d_anzsco_unit_group ...... [[32mPASS[0m in 1.46s]
[0m05:26:48  63 of 63 START test unique_fct_occupation_supply_demand_30d_anzsco_code ........ [RUN]
[0m05:26:49  58 of 63 PASS dbt_utils_expression_is_true_fct_occupation_supply_demand_30d_jobs_count_30d___0  [[32mPASS[0m in 2.63s]
[0m05:26:49  61 of 63 PASS not_null_fct_occupation_supply_demand_30d_jobs_count_30d ......... [[32mPASS[0m in 1.51s]
[0m05:26:50  62 of 63 PASS relationships_fct_occupation_supply_demand_30d_anzsco_code__anzsco_code__ref_dim_occupation_  [[32mPASS[0m in 1.48s]
[0m05:26:50  63 of 63 PASS unique_fct_occupation_supply_demand_30d_anzsco_code .............. [[32mPASS[0m in 1.51s]
[0m05:26:50  
[0m05:26:50  Finished running 4 seeds, 5 table models, 50 data tests, 4 view models in 0 hours 0 minutes and 44.61 seconds (44.61s).
[0m05:26:50  
[0m05:26:50  [32mCompleted successfully[0m
[0m05:26:50  
[0m05:26:50  Done. PASS=63 WARN=0 ERROR=0 SKIP=0 NO-OP=0 TOTAL=63
